// Jest Snapshot v1, https://goo.gl/fbAQLP

exports[`renders BookDetail component 1`] = `ShallowWrapper {}`;
