// Jest Snapshot v1, https://goo.gl/fbAQLP

exports[`renders BookList component 1`] = `ShallowWrapper {}`;
